Archive member included to satisfy reference by file (symbol)

c:/st/stm32cubeide_1.7.0/stm32cubeide/plugins/com.st.stm32cube.ide.mcu.externaltools.gnu-tools-for-stm32.9-2020-q2-update.win32_2.0.0.202105311346/tools/bin/../lib/gcc/arm-none-eabi/9.3.1/../../../../arm-none-eabi/lib/thumb/v7e-m+fp/hard\libstdc++_nano.a(pure.o)
                              ./CommonRx/pll.o (__cxa_pure_virtual)
c:/st/stm32cubeide_1.7.0/stm32cubeide/plugins/com.st.stm32cube.ide.mcu.externaltools.gnu-tools-for-stm32.9-2020-q2-update.win32_2.0.0.202105311346/tools/bin/../lib/gcc/arm-none-eabi/9.3.1/../../../../arm-none-eabi/lib/thumb/v7e-m+fp/hard\libstdc++_nano.a(eh_terminate.o)
                              c:/st/stm32cubeide_1.7.0/stm32cubeide/plugins/com.st.stm32cube.ide.mcu.externaltools.gnu-tools-for-stm32.9-2020-q2-update.win32_2.0.0.202105311346/tools/bin/../lib/gcc/arm-none-eabi/9.3.1/../../../../arm-none-eabi/lib/thumb/v7e-m+fp/hard\libstdc++_nano.a(pure.o) (std::terminate())
c:/st/stm32cubeide_1.7.0/stm32cubeide/plugins/com.st.stm32cube.ide.mcu.externaltools.gnu-tools-for-stm32.9-2020-q2-update.win32_2.0.0.202105311346/tools/bin/../lib/gcc/arm-none-eabi/9.3.1/../../../../arm-none-eabi/lib/thumb/v7e-m+fp/hard\libstdc++_nano.a(eh_unex_handler.o)
                              c:/st/stm32cubeide_1.7.0/stm32cubeide/plugins/com.st.stm32cube.ide.mcu.externaltools.gnu-tools-for-stm32.9-2020-q2-update.win32_2.0.0.202105311346/tools/bin/../lib/gcc/arm-none-eabi/9.3.1/../../../../arm-none-eabi/lib/thumb/v7e-m+fp/hard\libstdc++_nano.a(eh_terminate.o) (__cxxabiv1::__unexpected_handler)
c:/st/stm32cubeide_1.7.0/stm32cubeide/plugins/com.st.stm32cube.ide.mcu.externaltools.gnu-tools-for-stm32.9-2020-q2-update.win32_2.0.0.202105311346/tools/bin/../lib/gcc/arm-none-eabi/9.3.1/../../../../arm-none-eabi/lib/thumb/v7e-m+fp/hard\libstdc++_nano.a(eh_term_handler.o)
                              c:/st/stm32cubeide_1.7.0/stm32cubeide/plugins/com.st.stm32cube.ide.mcu.externaltools.gnu-tools-for-stm32.9-2020-q2-update.win32_2.0.0.202105311346/tools/bin/../lib/gcc/arm-none-eabi/9.3.1/../../../../arm-none-eabi/lib/thumb/v7e-m+fp/hard\libstdc++_nano.a(eh_terminate.o) (__cxxabiv1::__terminate_handler)
c:/st/stm32cubeide_1.7.0/stm32cubeide/plugins/com.st.stm32cube.ide.mcu.externaltools.gnu-tools-for-stm32.9-2020-q2-update.win32_2.0.0.202105311346/tools/bin/../lib/gcc/arm-none-eabi/9.3.1/../../../../arm-none-eabi/lib/thumb/v7e-m+fp/hard\libc_nano.a(lib_a-abort.o)
                              c:/st/stm32cubeide_1.7.0/stm32cubeide/plugins/com.st.stm32cube.ide.mcu.externaltools.gnu-tools-for-stm32.9-2020-q2-update.win32_2.0.0.202105311346/tools/bin/../lib/gcc/arm-none-eabi/9.3.1/../../../../arm-none-eabi/lib/thumb/v7e-m+fp/hard\libstdc++_nano.a(eh_terminate.o) (abort)
c:/st/stm32cubeide_1.7.0/stm32cubeide/plugins/com.st.stm32cube.ide.mcu.externaltools.gnu-tools-for-stm32.9-2020-q2-update.win32_2.0.0.202105311346/tools/bin/../lib/gcc/arm-none-eabi/9.3.1/../../../../arm-none-eabi/lib/thumb/v7e-m+fp/hard\libc_nano.a(lib_a-errno.o)
                              ./Core/Src/syscalls.o (__errno)
c:/st/stm32cubeide_1.7.0/stm32cubeide/plugins/com.st.stm32cube.ide.mcu.externaltools.gnu-tools-for-stm32.9-2020-q2-update.win32_2.0.0.202105311346/tools/bin/../lib/gcc/arm-none-eabi/9.3.1/../../../../arm-none-eabi/lib/thumb/v7e-m+fp/hard\libc_nano.a(lib_a-exit.o)
                              c:/st/stm32cubeide_1.7.0/stm32cubeide/plugins/com.st.stm32cube.ide.mcu.externaltools.gnu-tools-for-stm32.9-2020-q2-update.win32_2.0.0.202105311346/tools/bin/../lib/gcc/arm-none-eabi/9.3.1/../../../../arm-none-eabi/lib/thumb/v7e-m+fp/hard/crt0.o (exit)
c:/st/stm32cubeide_1.7.0/stm32cubeide/plugins/com.st.stm32cube.ide.mcu.externaltools.gnu-tools-for-stm32.9-2020-q2-update.win32_2.0.0.202105311346/tools/bin/../lib/gcc/arm-none-eabi/9.3.1/../../../../arm-none-eabi/lib/thumb/v7e-m+fp/hard\libc_nano.a(lib_a-impure.o)
                              c:/st/stm32cubeide_1.7.0/stm32cubeide/plugins/com.st.stm32cube.ide.mcu.externaltools.gnu-tools-for-stm32.9-2020-q2-update.win32_2.0.0.202105311346/tools/bin/../lib/gcc/arm-none-eabi/9.3.1/../../../../arm-none-eabi/lib/thumb/v7e-m+fp/hard\libc_nano.a(lib_a-exit.o) (_global_impure_ptr)
c:/st/stm32cubeide_1.7.0/stm32cubeide/plugins/com.st.stm32cube.ide.mcu.externaltools.gnu-tools-for-stm32.9-2020-q2-update.win32_2.0.0.202105311346/tools/bin/../lib/gcc/arm-none-eabi/9.3.1/../../../../arm-none-eabi/lib/thumb/v7e-m+fp/hard\libc_nano.a(lib_a-init.o)
                              c:/st/stm32cubeide_1.7.0/stm32cubeide/plugins/com.st.stm32cube.ide.mcu.externaltools.gnu-tools-for-stm32.9-2020-q2-update.win32_2.0.0.202105311346/tools/bin/../lib/gcc/arm-none-eabi/9.3.1/../../../../arm-none-eabi/lib/thumb/v7e-m+fp/hard/crt0.o (__libc_init_array)
[...]
Memory Configuration

Name             Origin             Length             Attributes
RAM              0x0000000020000000 0x0000000000008000 xrw
FLASH            0x0000000008000000 0x0000000000040000 xr
*default*        0x0000000000000000 0xffffffffffffffff

Linker script and memory map

LOAD c:/st/stm32cubeide_1.7.0/stm32cubeide/plugins/com.st.stm32cube.ide.mcu.externaltools.gnu-tools-for-stm32.9-2020-q2-update.win32_2.0.0.202105311346/tools/bin/../lib/gcc/arm-none-eabi/9.3.1/thumb/v7e-m+fp/hard/crti.o
LOAD c:/st/stm32cubeide_1.7.0/stm32cubeide/plugins/com.st.stm32cube.ide.mcu.externaltools.gnu-tools-for-stm32.9-2020-q2-update.win32_2.0.0.202105311346/tools/bin/../lib/gcc/arm-none-eabi/9.3.1/thumb/v7e-m+fp/hard/crtbegin.o
LOAD c:/st/stm32cubeide_1.7.0/stm32cubeide/plugins/com.st.stm32cube.ide.mcu.externaltools.gnu-tools-for-stm32.9-2020-q2-update.win32_2.0.0.202105311346/tools/bin/../lib/gcc/arm-none-eabi/9.3.1/../../../../arm-none-eabi/lib/thumb/v7e-m+fp/hard/crt0.o
LOAD ./Common/fhss.o
LOAD ./CommonRx/mlrs-rx.o
LOAD ./CommonRx/out.o
LOAD ./CommonRx/pll.o
LOAD ./Core/Src/main.o
LOAD ./Core/Src/stm32f3xx_hal_msp.o
LOAD ./Core/Src/stm32f3xx_it.o
LOAD ./Core/Src/syscalls.o
LOAD ./Core/Src/sysmem.o
LOAD ./Core/Src/system_stm32f3xx.o
LOAD ./Core/Startup/startup_stm32f373cctx.o
LOAD ./Drivers/STM32F3xx_HAL_Driver/Src/Legacy/stm32f3xx_hal_can.o
LOAD ./Drivers/STM32F3xx_HAL_Driver/Src/stm32f3xx_hal.o
LOAD ./Drivers/STM32F3xx_HAL_Driver/Src/stm32f3xx_hal_adc.o
LOAD ./Drivers/STM32F3xx_HAL_Driver/Src/stm32f3xx_hal_adc_ex.o
LOAD ./Drivers/STM32F3xx_HAL_Driver/Src/stm32f3xx_hal_can.o
LOAD ./Drivers/STM32F3xx_HAL_Driver/Src/stm32f3xx_hal_cec.o
LOAD ./Drivers/STM32F3xx_HAL_Driver/Src/stm32f3xx_hal_comp.o
LOAD ./Drivers/STM32F3xx_HAL_Driver/Src/stm32f3xx_hal_cortex.o
LOAD ./Drivers/STM32F3xx_HAL_Driver/Src/stm32f3xx_hal_crc.o
LOAD ./Drivers/STM32F3xx_HAL_Driver/Src/stm32f3xx_hal_crc_ex.o
LOAD ./Drivers/STM32F3xx_HAL_Driver/Src/stm32f3xx_hal_dac.o
LOAD ./Drivers/STM32F3xx_HAL_Driver/Src/stm32f3xx_hal_dac_ex.o
LOAD ./Drivers/STM32F3xx_HAL_Driver/Src/stm32f3xx_hal_dma.o
LOAD ./Drivers/STM32F3xx_HAL_Driver/Src/stm32f3xx_hal_exti.o
LOAD ./Drivers/STM32F3xx_HAL_Driver/Src/stm32f3xx_hal_flash.o
LOAD ./Drivers/STM32F3xx_HAL_Driver/Src/stm32f3xx_hal_flash_ex.o
LOAD ./Drivers/STM32F3xx_HAL_Driver/Src/stm32f3xx_hal_gpio.o
LOAD ./Drivers/STM32F3xx_HAL_Driver/Src/stm32f3xx_hal_hrtim.o
LOAD ./Drivers/STM32F3xx_HAL_Driver/Src/stm32f3xx_hal_i2c.o
LOAD ./Drivers/STM32F3xx_HAL_Driver/Src/stm32f3xx_hal_i2c_ex.o
LOAD ./Drivers/STM32F3xx_HAL_Driver/Src/stm32f3xx_hal_i2s.o
LOAD ./Drivers/STM32F3xx_HAL_Driver/Src/stm32f3xx_hal_i2s_ex.o
LOAD ./Drivers/STM32F3xx_HAL_Driver/Src/stm32f3xx_hal_irda.o
LOAD ./Drivers/STM32F3xx_HAL_Driver/Src/stm32f3xx_hal_iwdg.o
LOAD ./Drivers/STM32F3xx_HAL_Driver/Src/stm32f3xx_hal_nand.o
LOAD ./Drivers/STM32F3xx_HAL_Driver/Src/stm32f3xx_hal_nor.o
LOAD ./Drivers/STM32F3xx_HAL_Driver/Src/stm32f3xx_hal_opamp.o
LOAD ./Drivers/STM32F3xx_HAL_Driver/Src/stm32f3xx_hal_opamp_ex.o
LOAD ./Drivers/STM32F3xx_HAL_Driver/Src/stm32f3xx_hal_pccard.o
LOAD ./Drivers/STM32F3xx_HAL_Driver/Src/stm32f3xx_hal_pcd.o
LOAD ./Drivers/STM32F3xx_HAL_Driver/Src/stm32f3xx_hal_pcd_ex.o
LOAD ./Drivers/STM32F3xx_HAL_Driver/Src/stm32f3xx_hal_pwr.o
LOAD ./Drivers/STM32F3xx_HAL_Driver/Src/stm32f3xx_hal_pwr_ex.o
LOAD ./Drivers/STM32F3xx_HAL_Driver/Src/stm32f3xx_hal_rcc.o
LOAD ./Drivers/STM32F3xx_HAL_Driver/Src/stm32f3xx_hal_rcc_ex.o
LOAD ./Drivers/STM32F3xx_HAL_Driver/Src/stm32f3xx_hal_rtc.o
LOAD ./Drivers/STM32F3xx_HAL_Driver/Src/stm32f3xx_hal_rtc_ex.o
LOAD ./Drivers/STM32F3xx_HAL_Driver/Src/stm32f3xx_hal_sdadc.o
LOAD ./Drivers/STM32F3xx_HAL_Driver/Src/stm32f3xx_hal_smartcard.o
LOAD ./Drivers/STM32F3xx_HAL_Driver/Src/stm32f3xx_hal_smartcard_ex.o
LOAD ./Drivers/STM32F3xx_HAL_Driver/Src/stm32f3xx_hal_smbus.o
LOAD ./Drivers/STM32F3xx_HAL_Driver/Src/stm32f3xx_hal_spi.o
LOAD ./Drivers/STM32F3xx_HAL_Driver/Src/stm32f3xx_hal_spi_ex.o
LOAD ./Drivers/STM32F3xx_HAL_Driver/Src/stm32f3xx_hal_sram.o
LOAD ./Drivers/STM32F3xx_HAL_Driver/Src/stm32f3xx_hal_tim.o
LOAD ./Drivers/STM32F3xx_HAL_Driver/Src/stm32f3xx_hal_tim_ex.o
LOAD ./Drivers/STM32F3xx_HAL_Driver/Src/stm32f3xx_hal_tsc.o
LOAD ./Drivers/STM32F3xx_HAL_Driver/Src/stm32f3xx_hal_uart.o
LOAD ./Drivers/STM32F3xx_HAL_Driver/Src/stm32f3xx_hal_uart_ex.o
LOAD ./Drivers/STM32F3xx_HAL_Driver/Src/stm32f3xx_hal_usart.o
LOAD ./Drivers/STM32F3xx_HAL_Driver/Src/stm32f3xx_hal_usart_ex.o
LOAD ./Drivers/STM32F3xx_HAL_Driver/Src/stm32f3xx_hal_wwdg.o
LOAD ./Drivers/STM32F3xx_HAL_Driver/Src/stm32f3xx_ll_adc.o
LOAD ./Drivers/STM32F3xx_HAL_Driver/Src/stm32f3xx_ll_comp.o
LOAD ./Drivers/STM32F3xx_HAL_Driver/Src/stm32f3xx_ll_crc.o
LOAD ./Drivers/STM32F3xx_HAL_Driver/Src/stm32f3xx_ll_dac.o
LOAD ./Drivers/STM32F3xx_HAL_Driver/Src/stm32f3xx_ll_dma.o
LOAD ./Drivers/STM32F3xx_HAL_Driver/Src/stm32f3xx_ll_exti.o
LOAD ./Drivers/STM32F3xx_HAL_Driver/Src/stm32f3xx_ll_fmc.o
LOAD ./Drivers/STM32F3xx_HAL_Driver/Src/stm32f3xx_ll_gpio.o
LOAD ./Drivers/STM32F3xx_HAL_Driver/Src/stm32f3xx_ll_hrtim.o
LOAD ./Drivers/STM32F3xx_HAL_Driver/Src/stm32f3xx_ll_i2c.o
LOAD ./Drivers/STM32F3xx_HAL_Driver/Src/stm32f3xx_ll_opamp.o
LOAD ./Drivers/STM32F3xx_HAL_Driver/Src/stm32f3xx_ll_pwr.o
LOAD ./Drivers/STM32F3xx_HAL_Driver/Src/stm32f3xx_ll_rcc.o
LOAD ./Drivers/STM32F3xx_HAL_Driver/Src/stm32f3xx_ll_rtc.o
LOAD ./Drivers/STM32F3xx_HAL_Driver/Src/stm32f3xx_ll_spi.o
LOAD ./Drivers/STM32F3xx_HAL_Driver/Src/stm32f3xx_ll_tim.o
LOAD ./Drivers/STM32F3xx_HAL_Driver/Src/stm32f3xx_ll_usart.o
LOAD ./Drivers/STM32F3xx_HAL_Driver/Src/stm32f3xx_ll_usb.o
LOAD ./Drivers/STM32F3xx_HAL_Driver/Src/stm32f3xx_ll_utils.o
LOAD ./modules/stm32ll-lib/src/stdstm32.o
LOAD ./modules/sx12xx-lib/src/sx128x.o
START GROUP
LOAD c:/st/stm32cubeide_1.7.0/stm32cubeide/plugins/com.st.stm32cube.ide.mcu.externaltools.gnu-tools-for-stm32.9-2020-q2-update.win32_2.0.0.202105311346/tools/bin/../lib/gcc/arm-none-eabi/9.3.1/../../../../arm-none-eabi/lib/thumb/v7e-m+fp/hard\libstdc++_nano.a
LOAD c:/st/stm32cubeide_1.7.0/stm32cubeide/plugins/com.st.stm32cube.ide.mcu.externaltools.gnu-tools-for-stm32.9-2020-q2-update.win32_2.0.0.202105311346/tools/bin/../lib/gcc/arm-none-eabi/9.3.1/../../../../arm-none-eabi/lib/thumb/v7e-m+fp/hard\libsupc++_nano.a
END GROUP
LOAD c:/st/stm32cubeide_1.7.0/stm32cubeide/plugins/com.st.stm32cube.ide.mcu.externaltools.gnu-tools-for-stm32.9-2020-q2-update.win32_2.0.0.202105311346/tools/bin/../lib/gcc/arm-none-eabi/9.3.1/../../../../arm-none-eabi/lib/thumb/v7e-m+fp/hard\libstdc++_nano.a
LOAD c:/st/stm32cubeide_1.7.0/stm32cubeide/plugins/com.st.stm32cube.ide.mcu.externaltools.gnu-tools-for-stm32.9-2020-q2-update.win32_2.0.0.202105311346/tools/bin/../lib/gcc/arm-none-eabi/9.3.1/../../../../arm-none-eabi/lib/thumb/v7e-m+fp/hard\libm.a
LOAD c:/st/stm32cubeide_1.7.0/stm32cubeide/plugins/com.st.stm32cube.ide.mcu.externaltools.gnu-tools-for-stm32.9-2020-q2-update.win32_2.0.0.202105311346/tools/bin/../lib/gcc/arm-none-eabi/9.3.1/../../../../arm-none-eabi/lib/thumb/v7e-m+fp/hard\libc_nano.a
START GROUP
LOAD c:/st/stm32cubeide_1.7.0/stm32cubeide/plugins/com.st.stm32cube.ide.mcu.externaltools.gnu-tools-for-stm32.9-2020-q2-update.win32_2.0.0.202105311346/tools/bin/../lib/gcc/arm-none-eabi/9.3.1/thumb/v7e-m+fp/hard\libgcc.a
LOAD c:/st/stm32cubeide_1.7.0/stm32cubeide/plugins/com.st.stm32cube.ide.mcu.externaltools.gnu-tools-for-stm32.9-2020-q2-update.win32_2.0.0.202105311346/tools/bin/../lib/gcc/arm-none-eabi/9.3.1/../../../../arm-none-eabi/lib/thumb/v7e-m+fp/hard\libc_nano.a
END GROUP
START GROUP
LOAD c:/st/stm32cubeide_1.7.0/stm32cubeide/plugins/com.st.stm32cube.ide.mcu.externaltools.gnu-tools-for-stm32.9-2020-q2-update.win32_2.0.0.202105311346/tools/bin/../lib/gcc/arm-none-eabi/9.3.1/thumb/v7e-m+fp/hard\libgcc.a
LOAD c:/st/stm32cubeide_1.7.0/stm32cubeide/plugins/com.st.stm32cube.ide.mcu.externaltools.gnu-tools-for-stm32.9-2020-q2-update.win32_2.0.0.202105311346/tools/bin/../lib/gcc/arm-none-eabi/9.3.1/../../../../arm-none-eabi/lib/thumb/v7e-m+fp/hard\libc_nano.a
LOAD c:/st/stm32cubeide_1.7.0/stm32cubeide/plugins/com.st.stm32cube.ide.mcu.externaltools.gnu-tools-for-stm32.9-2020-q2-update.win32_2.0.0.202105311346/tools/bin/../lib/gcc/arm-none-eabi/9.3.1/../../../../arm-none-eabi/lib/thumb/v7e-m+fp/hard\libnosys.a
END GROUP
START GROUP
LOAD c:/st/stm32cubeide_1.7.0/stm32cubeide/plugins/com.st.stm32cube.ide.mcu.externaltools.gnu-tools-for-stm32.9-2020-q2-update.win32_2.0.0.202105311346/tools/bin/../lib/gcc/arm-none-eabi/9.3.1/thumb/v7e-m+fp/hard\libgcc.a
LOAD c:/st/stm32cubeide_1.7.0/stm32cubeide/plugins/com.st.stm32cube.ide.mcu.externaltools.gnu-tools-for-stm32.9-2020-q2-update.win32_2.0.0.202105311346/tools/bin/../lib/gcc/arm-none-eabi/9.3.1/../../../../arm-none-eabi/lib/thumb/v7e-m+fp/hard\libc_nano.a
LOAD c:/st/stm32cubeide_1.7.0/stm32cubeide/plugins/com.st.stm32cube.ide.mcu.externaltools.gnu-tools-for-stm32.9-2020-q2-update.win32_2.0.0.202105311346/tools/bin/../lib/gcc/arm-none-eabi/9.3.1/../../../../arm-none-eabi/lib/thumb/v7e-m+fp/hard\libnosys.a
END GROUP
LOAD c:/st/stm32cubeide_1.7.0/stm32cubeide/plugins/com.st.stm32cube.ide.mcu.externaltools.gnu-tools-for-stm32.9-2020-q2-update.win32_2.0.0.202105311346/tools/bin/../lib/gcc/arm-none-eabi/9.3.1/thumb/v7e-m+fp/hard/crtend.o
LOAD c:/st/stm32cubeide_1.7.0/stm32cubeide/plugins/com.st.stm32cube.ide.mcu.externaltools.gnu-tools-for-stm32.9-2020-q2-update.win32_2.0.0.202105311346/tools/bin/../lib/gcc/arm-none-eabi/9.3.1/thumb/v7e-m+fp/hard/crtn.o
                0x0000000020008000                _estack = (ORIGIN (RAM) + LENGTH (RAM))
                0x0000000000000000                _Min_Heap_Size = 0x0
                0x0000000000000400                _Min_Stack_Size = 0x400

.isr_vector     0x0000000008000000      0x188
                0x0000000008000000                . = ALIGN (0x4)
 *(.isr_vector)
 .isr_vector    0x0000000008000000      0x188 ./Core/Startup/startup_stm32f373cctx.o
                0x0000000008000000                g_pfnVectors
                0x0000000008000188                . = ALIGN (0x4)

.text           0x0000000008000188     0x34c8
                0x0000000008000188                . = ALIGN (0x4)
 *(.text)
 .text          0x0000000008000188       0x40 c:/st/stm32cubeide_1.7.0/stm32cubeide/plugins/com.st.stm32cube.ide.mcu.externaltools.gnu-tools-for-stm32.9-2020-q2-update.win32_2.0.0.202105311346/tools/bin/../lib/gcc/arm-none-eabi/9.3.1/thumb/v7e-m+fp/hard/crtbegin.o
 *(.text*)
 .text._ZN8FhssBase4prngEv
                0x00000000080001c8       0x1c ./Common/fhss.o
                0x00000000080001c8                FhssBase::prng()
 .text._ZN8FhssBase8generateEm
                0x00000000080001e4       0x84 ./Common/fhss.o
                0x00000000080001e4                FhssBase::generate(unsigned long)
 .text.LL_AHB1_GRP1_EnableClock
                0x0000000008000268       0x1c ./CommonRx/mlrs-rx.o
 .text.LL_APB1_GRP1_EnableClock
                0x0000000008000284       0x1c ./CommonRx/mlrs-rx.o
 .text.LL_APB2_GRP1_EnableClock
                0x00000000080002a0       0x1c ./CommonRx/mlrs-rx.o
 .text.LL_USART_EnableIT_TXE
                0x00000000080002bc       0x12 ./CommonRx/mlrs-rx.o
 .text.LL_USART_DisableIT_TXE
                0x00000000080002ce       0x12 ./CommonRx/mlrs-rx.o
 .text._ZN12SxDriverBase8SetDelayEt
                0x00000000080002e0        0x2 ./CommonRx/mlrs-rx.o
                0x00000000080002e0                SxDriverBase::SetDelay(unsigned short)
 .text.fmav_crc_accumulate_buf
                0x00000000080002e2       0x2a ./CommonRx/mlrs-rx.o
 .text._ZN3Pll8tim_10usEv
                0x000000000800030c        0xc ./CommonRx/mlrs-rx.o
                0x000000000800030c                Pll::tim_10us()
 .text._ZN3Pll19tim_set_period_10usEt
                0x0000000008000318        0xc ./CommonRx/mlrs-rx.o
                0x0000000008000318                Pll::tim_set_period_10us(unsigned short)
 .text._ZL9connectedv
                0x0000000008000324       0x14 ./CommonRx/mlrs-rx.o
 .text.delay_ns.constprop.0
                0x0000000008000338       0x3c ./CommonRx/mlrs-rx.o
 .text._ZN8SxDriver11SpiDeselectEv
                0x0000000008000374       0x12 ./CommonRx/mlrs-rx.o
                0x0000000008000374                SxDriver::SpiDeselect()
 .text._ZN8SxDriver9SpiSelectEv
                0x0000000008000386        0xe ./CommonRx/mlrs-rx.o
                0x0000000008000386                SxDriver::SpiSelect()
 .text.LL_USART_EnableIT_RXNE.constprop.0
                0x0000000008000394       0x18 ./CommonRx/mlrs-rx.o
 .text.LL_GPIO_TogglePin.constprop.0
                0x00000000080003ac       0x18 ./CommonRx/mlrs-rx.o
 .text.rcc_init_gpio
                0x00000000080003c4       0x80 ./CommonRx/mlrs-rx.o
                0x00000000080003c4                rcc_init_gpio
 .text.rcc_init_tim
                0x0000000008000444       0x3c ./CommonRx/mlrs-rx.o
                0x0000000008000444                rcc_init_tim
 .text._gpio_init
                0x0000000008000480      0x112 ./CommonRx/mlrs-rx.o
                0x0000000008000480                _gpio_init
 .text.gpio_init
                0x0000000008000592       0x14 ./CommonRx/mlrs-rx.o
 *fill*         0x00000000080005a6        0x2 
 .text.tim_config_up
                0x00000000080005a8       0xbc ./CommonRx/mlrs-rx.o
                0x00000000080005a8                tim_config_up
 .text.tim_init_up
                0x0000000008000664       0x12 ./CommonRx/mlrs-rx.o
                0x0000000008000664                tim_init_up
 *fill*         0x0000000008000676        0x2 
 .text._Z12sx_init_gpiov
                0x0000000008000678       0x58 ./CommonRx/mlrs-rx.o
                0x0000000008000678                sx_init_gpio()
 .text._Z12sx_busy_readv
                0x00000000080006d0       0x10 ./CommonRx/mlrs-rx.o
                0x00000000080006d0                sx_busy_read()
 .text._ZN8SxDriver10WaitOnBusyEv
                0x00000000080006e0        0xe ./CommonRx/mlrs-rx.o
                0x00000000080006e0                SxDriver::WaitOnBusy()
 *fill*         0x00000000080006ee        0x2 
 .text._Z24sx_dio1_init_exti_isroffv
                0x00000000080006f0       0x64 ./CommonRx/mlrs-rx.o
                0x00000000080006f0                sx_dio1_init_exti_isroff()
 .text._Z18sx_dio1_enable_isrv
                0x0000000008000754       0x18 ./CommonRx/mlrs-rx.o
                0x0000000008000754                sx_dio1_enable_isr()
 .text._Z13out_init_gpiov
                0x000000000800076c       0x1c ./CommonRx/mlrs-rx.o
                0x000000000800076c                out_init_gpio()
 .text._Z9leds_initv
                0x0000000008000788       0x2c ./CommonRx/mlrs-rx.o
                0x0000000008000788                leds_init()
 .text.delay_init
                0x00000000080007b4       0x34 ./CommonRx/mlrs-rx.o
                0x00000000080007b4                delay_init
 .text.delay_us
                0x00000000080007e8       0x28 ./CommonRx/mlrs-rx.o
                0x00000000080007e8                delay_us
 .text.delay_ms
                0x0000000008000810        0xa ./CommonRx/mlrs-rx.o
                0x0000000008000810                delay_ms
 *fill*         0x000000000800081a        0x2 
 .text.spi_transmitchar
                0x000000000800081c       0x14 ./CommonRx/mlrs-rx.o
                0x000000000800081c                spi_transmitchar
 .text.spi_transfer
                0x0000000008000830       0x1a ./CommonRx/mlrs-rx.o
                0x0000000008000830                spi_transfer
 .text._ZN8SxDriver11SpiTransferEPhS0_h
                0x000000000800084a        0xa ./CommonRx/mlrs-rx.o
                0x000000000800084a                SxDriver::SpiTransfer(unsigned char*, unsigned char*, unsigned char)
 .text.spi_init
                0x0000000008000854       0xd0 ./CommonRx/mlrs-rx.o
                0x0000000008000854                spi_init
 .text.USART2_IRQHandler
                0x0000000008000924       0x84 ./CommonRx/mlrs-rx.o
                0x0000000008000924                USART2_IRQHandler
 .text.uartb_putc
                0x00000000080009a8       0x3c ./CommonRx/mlrs-rx.o
                0x00000000080009a8                uartb_putc
 .text.uartb_getc
                0x00000000080009e4       0x30 ./CommonRx/mlrs-rx.o
                0x00000000080009e4                uartb_getc
 .text.uartb_init_isroff
                0x0000000008000a14       0xd4 ./CommonRx/mlrs-rx.o
                0x0000000008000a14                uartb_init_isroff
 .text.uartb_init
                0x0000000008000ae8        0xe ./CommonRx/mlrs-rx.o
                0x0000000008000ae8                uartb_init
 *fill*         0x0000000008000af6        0x2 
 .text.USART3_IRQHandler
                0x0000000008000af8       0x44 ./CommonRx/mlrs-rx.o
                0x0000000008000af8                USART3_IRQHandler
 .text.uartc_putc
                0x0000000008000b3c       0x3c ./CommonRx/mlrs-rx.o
                0x0000000008000b3c                uartc_putc
 .text.uartc_puts
                0x0000000008000b78       0x12 ./CommonRx/mlrs-rx.o
                0x0000000008000b78                uartc_puts
 *fill*         0x0000000008000b8a        0x2 
 .text.uartc_init_isroff
                0x0000000008000b8c       0xb4 ./CommonRx/mlrs-rx.o
                0x0000000008000b8c                uartc_init_isroff
 .text.USART1_IRQHandler
                0x0000000008000c40       0x44 ./CommonRx/mlrs-rx.o
                0x0000000008000c40                USART1_IRQHandler
 .text.uart_putc
                0x0000000008000c84       0x3c ./CommonRx/mlrs-rx.o
                0x0000000008000c84                uart_putc
 .text._ZN3Out4putcEc
                0x0000000008000cc0        0x6 ./CommonRx/mlrs-rx.o
                0x0000000008000cc0                Out::putc(char)
 *fill*         0x0000000008000cc6        0x2 
 .text.uart_setprotocol
                0x0000000008000cc8       0x54 ./CommonRx/mlrs-rx.o
                0x0000000008000cc8                uart_setprotocol
 .text._ZN3Out11config_sbusEv
                0x0000000008000d1c       0x20 ./CommonRx/mlrs-rx.o
                0x0000000008000d1c                Out::config_sbus()
 .text.uart_init_isroff
                0x0000000008000d3c       0xb4 ./CommonRx/mlrs-rx.o
                0x0000000008000d3c                uart_init_isroff
 .text._ZN8SxDriver9ConfigureEv
                0x0000000008000df0       0x84 ./CommonRx/mlrs-rx.o
                0x0000000008000df0                SxDriver::Configure()
 .text._ZN13LqCounterBase4InitEh
                0x0000000008000e74       0x36 ./CommonRx/mlrs-rx.o
                0x0000000008000e74                LqCounterBase::Init(unsigned char)
 .text._ZN13LqCounterBase4NextEv
                0x0000000008000eaa       0x68 ./CommonRx/mlrs-rx.o
                0x0000000008000eaa                LqCounterBase::Next()
 *fill*         0x0000000008000f12        0x2 
 .text.HAL_IncTick
                0x0000000008000f14       0x20 ./CommonRx/mlrs-rx.o
                0x0000000008000f14                HAL_IncTick
 .text._Z14check_tx_frameP8tTxFrame
                0x0000000008000f34       0x84 ./CommonRx/mlrs-rx.o
                0x0000000008000f34                check_tx_frame(tTxFrame*)
 .text._Z26rcdata_ch0to3_from_txframeP7tRcDataP8tTxFrame
                0x0000000008000fb8       0x46 ./CommonRx/mlrs-rx.o
                0x0000000008000fb8                rcdata_ch0to3_from_txframe(tRcData*, tTxFrame*)
 .text._Z19rcdata_from_txframeP7tRcDataP8tTxFrame
                0x0000000008000ffe       0x96 ./CommonRx/mlrs-rx.o
                0x0000000008000ffe                rcdata_from_txframe(tRcData*, tTxFrame*)
 .text._Z13pack_rx_frameP8tRxFrameP11tFrameStatsPhh
                0x0000000008001094       0x9e ./CommonRx/mlrs-rx.o
                0x0000000008001094                pack_rx_frame(tRxFrame*, tFrameStats*, unsigned char*, unsigned char)
 .text._ZN5Stats6UpdateEv
                0x0000000008001132       0x64 ./CommonRx/mlrs-rx.o
                0x0000000008001132                Stats::Update()
 *fill*         0x0000000008001196        0x2 
 .text._ZN9ClockBase10InitIsrOffEt
                0x0000000008001198       0x70 ./CommonRx/mlrs-rx.o
                0x0000000008001198                ClockBase::InitIsrOff(unsigned short)
 .text._ZN9ClockBase9EnableIsrEv
                0x0000000008001208       0x20 ./CommonRx/mlrs-rx.o
                0x0000000008001208                ClockBase::EnableIsr()
 .text._ZN7RxStats4InitEh
                0x0000000008001228       0x48 ./CommonRx/mlrs-rx.o
                0x0000000008001228                RxStats::Init(unsigned char)
 .text._ZN7RxStats4NextEv
                0x0000000008001270       0x1c ./CommonRx/mlrs-rx.o
                0x0000000008001270                RxStats::Next()
 .text._ZN7RxStats3SetEv
                0x000000000800128c       0x40 ./CommonRx/mlrs-rx.o
                0x000000000800128c                RxStats::Set()
 .text._ZN7RxStats15doFrameReceivedEv
                0x00000000080012cc       0x14 ./CommonRx/mlrs-rx.o
                0x00000000080012cc                RxStats::doFrameReceived()
 .text._ZN7RxStats24doValidCrc1FrameReceivedEv
                0x00000000080012e0       0x14 ./CommonRx/mlrs-rx.o
                0x00000000080012e0                RxStats::doValidCrc1FrameReceived()
 .text._ZN7RxStats20doValidFrameReceivedEv
                0x00000000080012f4       0x14 ./CommonRx/mlrs-rx.o
                0x00000000080012f4                RxStats::doValidFrameReceived()
 .text._ZN7RxStats18doFrameTransmittedEv
                0x0000000008001308       0x10 ./CommonRx/mlrs-rx.o
                0x0000000008001308                RxStats::doFrameTransmitted()
 .text._ZN7RxStats5GetLQEb
                0x0000000008001318       0x40 ./CommonRx/mlrs-rx.o
                0x0000000008001318                RxStats::GetLQ(bool)
 .text.TIM3_IRQHandler
                0x0000000008001358       0x6c ./CommonRx/mlrs-rx.o
                0x0000000008001358                TIM3_IRQHandler
 .text._Z4initv
                0x00000000080013c4       0x94 ./CommonRx/mlrs-rx.o
                0x00000000080013c4                init()
 .text.EXTI9_5_IRQHandler
                0x0000000008001458       0x54 ./CommonRx/mlrs-rx.o
                0x0000000008001458                EXTI9_5_IRQHandler
 .text._Z11do_transmitv
                0x00000000080014ac       0xd0 ./CommonRx/mlrs-rx.o
                0x00000000080014ac                do_transmit()
 .text._Z10do_receivev
                0x000000000800157c       0x38 ./CommonRx/mlrs-rx.o
                0x000000000800157c                do_receive()
 .text._Z22process_received_frameb
                0x00000000080015b4       0x70 ./CommonRx/mlrs-rx.o
                0x00000000080015b4                process_received_frame(bool)
 .text._Z6rescueh
                0x0000000008001624       0x28 ./CommonRx/mlrs-rx.o
                0x0000000008001624                rescue(unsigned char)
 .text._Z17link_delay_passedv
                0x000000000800164c       0x20 ./CommonRx/mlrs-rx.o
                0x000000000800164c                link_delay_passed()
 .text._Z9main_mainv
                0x000000000800166c      0x4d8 ./CommonRx/mlrs-rx.o
                0x000000000800166c                main_main()
 .text.startup._GLOBAL__sub_I_rcc_init_afio
                0x0000000008001b44       0x40 ./CommonRx/mlrs-rx.o
 .text._ZN7OutBase4InitEv
                0x0000000008001b84        0x6 ./CommonRx/out.o
                0x0000000008001b84                OutBase::Init()
 .text._ZN7OutBase9ConfigureEh
                0x0000000008001b8a       0x12 ./CommonRx/out.o
                0x0000000008001b8a                OutBase::Configure(unsigned char)
 .text._ZN7OutBase6putbufEPht
                0x0000000008001b9c       0x1c ./CommonRx/out.o
                0x0000000008001b9c                OutBase::putbuf(unsigned char*, unsigned short)
 .text._ZN7OutBase16send_sbus_rcdataEP7tRcData
                0x0000000008001bb8      0x1b8 ./CommonRx/out.o
                0x0000000008001bb8                OutBase::send_sbus_rcdata(tRcData*)
 .text._ZN7OutBase11send_rcdataEP7tRcData
                0x0000000008001d70        0xa ./CommonRx/out.o
                0x0000000008001d70                OutBase::send_rcdata(tRcData*)
 .text._ZN7PllBase8ResetAllEv
                0x0000000008001d7a       0x22 ./CommonRx/pll.o
                0x0000000008001d7a                PllBase::ResetAll()
 .text._ZN7PllBaseC2Ev
                0x0000000008001d9c       0x18 ./CommonRx/pll.o
                0x0000000008001d9c                PllBase::PllBase()
                0x0000000008001d9c                PllBase::PllBase()
 .text._ZN7PllBase4InitEt
                0x0000000008001db4       0x1a ./CommonRx/pll.o
                0x0000000008001db4                PllBase::Init(unsigned short)
 .text._ZN7PllBase4tickEv
                0x0000000008001dce       0x14 ./CommonRx/pll.o
                0x0000000008001dce                PllBase::tick()
 .text._ZN7PllBase6updateEv
                0x0000000008001de2       0xcc ./CommonRx/pll.o
                0x0000000008001de2                PllBase::update()
 .text._ZN7PllBase8rx_done1Ev
                0x0000000008001eae        0xe ./CommonRx/pll.o
                0x0000000008001eae                PllBase::rx_done1()
 .text._ZN7PllBase8rx_done2Ev
                0x0000000008001ebc       0x34 ./CommonRx/pll.o
                0x0000000008001ebc                PllBase::rx_done2()
 .text._Z18SystemClock_Configv
                0x0000000008001ef0       0x60 ./Core/Src/main.o
                0x0000000008001ef0                SystemClock_Config()
 .text.startup.main
                0x0000000008001f50       0x40 ./Core/Src/main.o
                0x0000000008001f50                main
 .text.HAL_MspInit
                0x0000000008001f90       0x30 ./Core/Src/stm32f3xx_hal_msp.o
                0x0000000008001f90                HAL_MspInit
 .text.NMI_Handler
                0x0000000008001fc0        0x2 ./Core/Src/stm32f3xx_it.o
                0x0000000008001fc0                NMI_Handler
 .text.HardFault_Handler
                0x0000000008001fc2        0x2 ./Core/Src/stm32f3xx_it.o
                0x0000000008001fc2                HardFault_Handler
 .text.MemManage_Handler
                0x0000000008001fc4        0x2 ./Core/Src/stm32f3xx_it.o
                0x0000000008001fc4                MemManage_Handler
 .text.BusFault_Handler
                0x0000000008001fc6        0x2 ./Core/Src/stm32f3xx_it.o
                0x0000000008001fc6                BusFault_Handler
 .text.UsageFault_Handler
                0x0000000008001fc8        0x2 ./Core/Src/stm32f3xx_it.o
                0x0000000008001fc8                UsageFault_Handler
 .text.SVC_Handler
                0x0000000008001fca        0x2 ./Core/Src/stm32f3xx_it.o
                0x0000000008001fca                SVC_Handler
 .text.DebugMon_Handler
                0x0000000008001fcc        0x2 ./Core/Src/stm32f3xx_it.o
                0x0000000008001fcc                DebugMon_Handler
 .text.PendSV_Handler
                0x0000000008001fce        0x2 ./Core/Src/stm32f3xx_it.o
                0x0000000008001fce                PendSV_Handler
 .text.SysTick_Handler
                0x0000000008001fd0        0x4 ./Core/Src/stm32f3xx_it.o
                0x0000000008001fd0                SysTick_Handler
 .text._getpid  0x0000000008001fd4        0x4 ./Core/Src/syscalls.o
                0x0000000008001fd4                _getpid
 .text._kill    0x0000000008001fd8       0x10 ./Core/Src/syscalls.o
                0x0000000008001fd8                _kill
 .text._exit    0x0000000008001fe8        0xc ./Core/Src/syscalls.o
                0x0000000008001fe8                _exit
 .text.SystemInit
                0x0000000008001ff4       0x14 ./Core/Src/system_stm32f3xx.o
                0x0000000008001ff4                SystemInit
 .text.Reset_Handler
                0x0000000008002008       0x50 ./Core/Startup/startup_stm32f373cctx.o
                0x0000000008002008                Reset_Handler
 .text.Default_Handler
                0x0000000008002058        0x2 ./Core/Startup/startup_stm32f373cctx.o
                0x0000000008002058                RTC_Alarm_IRQHandler
                0x0000000008002058                USB_HP_IRQHandler
                0x0000000008002058                PVD_IRQHandler
                0x0000000008002058                TAMP_STAMP_IRQHandler
                0x0000000008002058                EXTI3_IRQHandler
                0x0000000008002058                EXTI0_IRQHandler
                0x0000000008002058                I2C2_EV_IRQHandler
                0x0000000008002058                FPU_IRQHandler
                0x0000000008002058                CAN_TX_IRQHandler
                0x0000000008002058                SPI1_IRQHandler
                0x0000000008002058                CAN_SCE_IRQHandler
                0x0000000008002058                DMA2_Channel2_IRQHandler
                0x0000000008002058                DMA1_Channel4_IRQHandler
                0x0000000008002058                ADC1_IRQHandler
                0x0000000008002058                TIM17_IRQHandler
                0x0000000008002058                DMA1_Channel7_IRQHandler
                0x0000000008002058                TIM4_IRQHandler
                0x0000000008002058                CAN_RX1_IRQHandler
                0x0000000008002058                DMA2_Channel1_IRQHandler
                0x0000000008002058                I2C1_EV_IRQHandler
                0x0000000008002058                DMA1_Channel6_IRQHandler
                0x0000000008002058                TIM16_IRQHandler
                0x0000000008002058                DMA2_Channel4_IRQHandler
                0x0000000008002058                RCC_IRQHandler
                0x0000000008002058                DMA1_Channel1_IRQHandler
                0x0000000008002058                Default_Handler
                0x0000000008002058                CEC_IRQHandler
                0x0000000008002058                EXTI15_10_IRQHandler
                0x0000000008002058                TIM14_IRQHandler
                0x0000000008002058                TIM13_IRQHandler
                0x0000000008002058                TIM12_IRQHandler
                0x0000000008002058                TIM7_IRQHandler
                0x0000000008002058                TIM5_IRQHandler
                0x0000000008002058                SDADC2_IRQHandler
                0x0000000008002058                TIM15_IRQHandler
                0x0000000008002058                TIM6_DAC1_IRQHandler
                0x0000000008002058                RTC_WKUP_IRQHandler
                0x0000000008002058                SPI2_IRQHandler
                0x0000000008002058                DMA2_Channel5_IRQHandler
                0x0000000008002058                DMA1_Channel5_IRQHandler
                0x0000000008002058                USB_LP_IRQHandler
                0x0000000008002058                EXTI4_IRQHandler
                0x0000000008002058                TIM18_DAC2_IRQHandler
                0x0000000008002058                DMA1_Channel3_IRQHandler
                0x0000000008002058                COMP_IRQHandler
                0x0000000008002058                WWDG_IRQHandler
                0x0000000008002058                SDADC1_IRQHandler
                0x0000000008002058                TIM2_IRQHandler
                0x0000000008002058                EXTI1_IRQHandler
                0x0000000008002058                SDADC3_IRQHandler
                0x0000000008002058                TIM19_IRQHandler
                0x0000000008002058                I2C2_ER_IRQHandler
                0x0000000008002058                DMA1_Channel2_IRQHandler
                0x0000000008002058                FLASH_IRQHandler
                0x0000000008002058                SPI3_IRQHandler
                0x0000000008002058                CAN_RX0_IRQHandler
                0x0000000008002058                I2C1_ER_IRQHandler
                0x0000000008002058                USBWakeUp_IRQHandler
                0x0000000008002058                DMA2_Channel3_IRQHandler
                0x0000000008002058                EXTI2_TSC_IRQHandler
 *fill*         0x000000000800205a        0x2 
 .text.HAL_InitTick
                0x000000000800205c       0x48 ./Drivers/STM32F3xx_HAL_Driver/Src/stm32f3xx_hal.o
                0x000000000800205c                HAL_InitTick
 .text.HAL_Init
                0x00000000080020a4       0x24 ./Drivers/STM32F3xx_HAL_Driver/Src/stm32f3xx_hal.o
                0x00000000080020a4                HAL_Init
 .text.HAL_GetTick
                0x00000000080020c8        0xc ./Drivers/STM32F3xx_HAL_Driver/Src/stm32f3xx_hal.o
                0x00000000080020c8                HAL_GetTick
 .text.HAL_NVIC_SetPriorityGrouping
                0x00000000080020d4       0x24 ./Drivers/STM32F3xx_HAL_Driver/Src/stm32f3xx_hal_cortex.o
                0x00000000080020d4                HAL_NVIC_SetPriorityGrouping
 .text.HAL_NVIC_SetPriority
                0x00000000080020f8       0x64 ./Drivers/STM32F3xx_HAL_Driver/Src/stm32f3xx_hal_cortex.o
                0x00000000080020f8                HAL_NVIC_SetPriority
 .text.HAL_SYSTICK_Config
                0x000000000800215c       0x2c ./Drivers/STM32F3xx_HAL_Driver/Src/stm32f3xx_hal_cortex.o
                0x000000000800215c                HAL_SYSTICK_Config
 .text.HAL_RCC_OscConfig
                0x0000000008002188      0x508 ./Drivers/STM32F3xx_HAL_Driver/Src/stm32f3xx_hal_rcc.o
                0x0000000008002188                HAL_RCC_OscConfig
 .text.HAL_RCC_GetSysClockFreq
                0x0000000008002690       0x70 ./Drivers/STM32F3xx_HAL_Driver/Src/stm32f3xx_hal_rcc.o
                0x0000000008002690                HAL_RCC_GetSysClockFreq
 .text.HAL_RCC_ClockConfig
                0x0000000008002700      0x158 ./Drivers/STM32F3xx_HAL_Driver/Src/stm32f3xx_hal_rcc.o
                0x0000000008002700                HAL_RCC_ClockConfig
 .text.LL_GPIO_Init
                0x0000000008002858      0x140 ./Drivers/STM32F3xx_HAL_Driver/Src/stm32f3xx_ll_gpio.o
                0x0000000008002858                LL_GPIO_Init
 .text.LL_RCC_HSI_IsReady
                0x0000000008002998       0x10 ./Drivers/STM32F3xx_HAL_Driver/Src/stm32f3xx_ll_rcc.o
 .text.RCC_GetHCLKClockFreq
                0x00000000080029a8       0x18 ./Drivers/STM32F3xx_HAL_Driver/Src/stm32f3xx_ll_rcc.o
                0x00000000080029a8                RCC_GetHCLKClockFreq
 .text.RCC_GetPCLK1ClockFreq
                0x00000000080029c0       0x18 ./Drivers/STM32F3xx_HAL_Driver/Src/stm32f3xx_ll_rcc.o
                0x00000000080029c0                RCC_GetPCLK1ClockFreq
 .text.RCC_GetPCLK2ClockFreq
                0x00000000080029d8       0x18 ./Drivers/STM32F3xx_HAL_Driver/Src/stm32f3xx_ll_rcc.o
                0x00000000080029d8                RCC_GetPCLK2ClockFreq
 .text.RCC_PLL_GetFreqDomain_SYS
                0x00000000080029f0       0x44 ./Drivers/STM32F3xx_HAL_Driver/Src/stm32f3xx_ll_rcc.o
                0x00000000080029f0                RCC_PLL_GetFreqDomain_SYS
 .text.RCC_GetSystemClockFreq
                0x0000000008002a34       0x28 ./Drivers/STM32F3xx_HAL_Driver/Src/stm32f3xx_ll_rcc.o
                0x0000000008002a34                RCC_GetSystemClockFreq
 .text.LL_RCC_GetUSARTClockFreq
                0x0000000008002a5c       0xdc ./Drivers/STM32F3xx_HAL_Driver/Src/stm32f3xx_ll_rcc.o
                0x0000000008002a5c                LL_RCC_GetUSARTClockFreq
 .text.LL_SPI_Init
                0x0000000008002b38       0x72 ./Drivers/STM32F3xx_HAL_Driver/Src/stm32f3xx_ll_spi.o
                0x0000000008002b38                LL_SPI_Init
 *fill*         0x0000000008002baa        0x2 
 .text.LL_TIM_Init
                0x0000000008002bac       0xc8 ./Drivers/STM32F3xx_HAL_Driver/Src/stm32f3xx_ll_tim.o
                0x0000000008002bac                LL_TIM_Init
 .text.LL_TIM_OC_Init
                0x0000000008002c74      0x190 ./Drivers/STM32F3xx_HAL_Driver/Src/stm32f3xx_ll_tim.o
                0x0000000008002c74                LL_TIM_OC_Init
 .text.LL_USART_Init
                0x0000000008002e04       0xac ./Drivers/STM32F3xx_HAL_Driver/Src/stm32f3xx_ll_usart.o
                0x0000000008002e04                LL_USART_Init
 .text.LL_USART_StructInit
                0x0000000008002eb0       0x18 ./Drivers/STM32F3xx_HAL_Driver/Src/stm32f3xx_ll_usart.o
                0x0000000008002eb0                LL_USART_StructInit
 .text.u8toBCD  0x0000000008002ec8       0x30 ./modules/stm32ll-lib/src/stdstm32.o
                0x0000000008002ec8                u8toBCD
 .text.u8toBCDstr
                0x0000000008002ef8       0x12 ./modules/stm32ll-lib/src/stdstm32.o
                0x0000000008002ef8                u8toBCDstr
 .text.s8toBCDstr
                0x0000000008002f0a       0x26 ./modules/stm32ll-lib/src/stdstm32.o
                0x0000000008002f0a                s8toBCDstr
 .text.u8toHEXstr
                0x0000000008002f30       0x20 ./modules/stm32ll-lib/src/stdstm32.o
                0x0000000008002f30                u8toHEXstr
 .text.u16toHEXstr
                0x0000000008002f50       0x2c ./modules/stm32ll-lib/src/stdstm32.o
                0x0000000008002f50                u16toHEXstr
 .text.u8toBCD_s
                0x0000000008002f7c       0x14 ./modules/stm32ll-lib/src/stdstm32.o
                0x0000000008002f7c                u8toBCD_s
 .text.s8toBCD_s
                0x0000000008002f90       0x14 ./modules/stm32ll-lib/src/stdstm32.o
                0x0000000008002f90                s8toBCD_s
 .text.u8toHEX_s
                0x0000000008002fa4       0x10 ./modules/stm32ll-lib/src/stdstm32.o
                0x0000000008002fa4                u8toHEX_s
 .text.u16toHEX_s
                0x0000000008002fb4       0x14 ./modules/stm32ll-lib/src/stdstm32.o
                0x0000000008002fb4                u16toHEX_s
 .text._ZN12SxDriverBase11SpiTransferEhPh
                0x0000000008002fc8       0x16 ./modules/sx12xx-lib/src/sx128x.o
                0x0000000008002fc8                SxDriverBase::SpiTransfer(unsigned char, unsigned char*)
 .text._ZN12SxDriverBase11SpiTransferEh
                0x0000000008002fde       0x1a ./modules/sx12xx-lib/src/sx128x.o
                0x0000000008002fde                SxDriverBase::SpiTransfer(unsigned char)
 .text._ZN12SxDriverBase12WriteCommandEhPhh
                0x0000000008002ff8       0x4a ./modules/sx12xx-lib/src/sx128x.o
                0x0000000008002ff8                SxDriverBase::WriteCommand(unsigned char, unsigned char*, unsigned char)
 .text._ZN12SxDriverBase11ReadCommandEhPhh
                0x0000000008003042       0x5a ./modules/sx12xx-lib/src/sx128x.o
                0x0000000008003042                SxDriverBase::ReadCommand(unsigned char, unsigned char*, unsigned char)
 .text._ZN12SxDriverBase13WriteRegisterEtPhh
                0x000000000800309c       0x58 ./modules/sx12xx-lib/src/sx128x.o
                0x000000000800309c                SxDriverBase::WriteRegister(unsigned short, unsigned char*, unsigned char)
 .text._ZN12SxDriverBase12ReadRegisterEtPhh
                0x00000000080030f4       0x6a ./modules/sx12xx-lib/src/sx128x.o
                0x00000000080030f4                SxDriverBase::ReadRegister(unsigned short, unsigned char*, unsigned char)
 .text._ZN12SxDriverBase12ReadRegisterEt
                0x000000000800315e       0x16 ./modules/sx12xx-lib/src/sx128x.o
                0x000000000800315e                SxDriverBase::ReadRegister(unsigned short)
 .text._ZN12SxDriverBase11WriteBufferEhPhh
                0x0000000008003174       0x50 ./modules/sx12xx-lib/src/sx128x.o
                0x0000000008003174                SxDriverBase::WriteBuffer(unsigned char, unsigned char*, unsigned char)
 .text._ZN12SxDriverBase10ReadBufferEhPhh
                0x00000000080031c4       0x62 ./modules/sx12xx-lib/src/sx128x.o
                0x00000000080031c4                SxDriverBase::ReadBuffer(unsigned char, unsigned char*, unsigned char)
 .text._ZN12SxDriverBase9GetStatusEv
                0x0000000008003226       0x12 ./modules/sx12xx-lib/src/sx128x.o
                0x0000000008003226                SxDriverBase::GetStatus()
 .text._ZN12SxDriverBase10SetStandbyEh
                0x0000000008003238       0x2c ./modules/sx12xx-lib/src/sx128x.o
                0x0000000008003238                SxDriverBase::SetStandby(unsigned char)
 .text._ZN12SxDriverBase13SetPacketTypeEh
                0x0000000008003264       0x18 ./modules/sx12xx-lib/src/sx128x.o
                0x0000000008003264                SxDriverBase::SetPacketType(unsigned char)
 .text._ZN12SxDriverBase14SetRfFrequencyEm
                0x000000000800327c       0x22 ./modules/sx12xx-lib/src/sx128x.o
                0x000000000800327c                SxDriverBase::SetRfFrequency(unsigned long)
 .text._ZN12SxDriverBase20SetBufferBaseAddressEhh
                0x000000000800329e       0x1a ./modules/sx12xx-lib/src/sx128x.o
                0x000000000800329e                SxDriverBase::SetBufferBaseAddress(unsigned char, unsigned char)
 .text._ZN12SxDriverBase19SetModulationParamsEhhh
                0x00000000080032b8       0x64 ./modules/sx12xx-lib/src/sx128x.o
                0x00000000080032b8                SxDriverBase::SetModulationParams(unsigned char, unsigned char, unsigned char)
 .text._ZN12SxDriverBase15SetPacketParamsEhhhhh
                0x000000000800331c       0x38 ./modules/sx12xx-lib/src/sx128x.o
                0x000000000800331c                SxDriverBase::SetPacketParams(unsigned char, unsigned char, unsigned char, unsigned char, unsigned char)
 .text._ZN12SxDriverBase15SetDioIrqParamsEtttt
                0x0000000008003354       0x2e ./modules/sx12xx-lib/src/sx128x.o
                0x0000000008003354                SxDriverBase::SetDioIrqParams(unsigned short, unsigned short, unsigned short, unsigned short)
 .text._ZN12SxDriverBase12GetIrqStatusEv
                0x0000000008003382       0x20 ./modules/sx12xx-lib/src/sx128x.o
                0x0000000008003382                SxDriverBase::GetIrqStatus()
 .text._ZN12SxDriverBase14ClearIrqStatusEt
                0x00000000080033a2       0x18 ./modules/sx12xx-lib/src/sx128x.o
                0x00000000080033a2                SxDriverBase::ClearIrqStatus(unsigned short)
 .text._ZN12SxDriverBase11SetTxParamsEhh
                0x00000000080033ba       0x20 ./modules/sx12xx-lib/src/sx128x.o
                0x00000000080033ba                SxDriverBase::SetTxParams(unsigned char, unsigned char)
 .text._ZN12SxDriverBase5SetTxEht
                0x00000000080033da       0x2a ./modules/sx12xx-lib/src/sx128x.o
                0x00000000080033da                SxDriverBase::SetTx(unsigned char, unsigned short)
 .text._ZN12SxDriverBase5SetRxEht
                0x0000000008003404       0x2a ./modules/sx12xx-lib/src/sx128x.o
                0x0000000008003404                SxDriverBase::SetRx(unsigned char, unsigned short)
 .text._ZN12SxDriverBase15GetPacketStatusEPaS0_
                0x000000000800342e       0x26 ./modules/sx12xx-lib/src/sx128x.o
                0x000000000800342e                SxDriverBase::GetPacketStatus(signed char*, signed char*)
 .text._ZN12SxDriverBase17GetRxBufferStatusEPhS0_
                0x0000000008003454       0x20 ./modules/sx12xx-lib/src/sx128x.o
                0x0000000008003454                SxDriverBase::GetRxBufferStatus(unsigned char*, unsigned char*)
 .text._ZN12SxDriverBase16SetRegulatorModeEh
                0x0000000008003474       0x18 ./modules/sx12xx-lib/src/sx128x.o
                0x0000000008003474                SxDriverBase::SetRegulatorMode(unsigned char)
 .text._ZN12SxDriverBase9SetAutoFsEh
                0x000000000800348c       0x18 ./modules/sx12xx-lib/src/sx128x.o
                0x000000000800348c                SxDriverBase::SetAutoFs(unsigned char)
 .text._ZN12SxDriverBase5SetFsEv
                0x00000000080034a4       0x1c ./modules/sx12xx-lib/src/sx128x.o
                0x00000000080034a4                SxDriverBase::SetFs()
 .text._ZN12SxDriverBase14SetLnaGainModeEh
                0x00000000080034c0       0x36 ./modules/sx12xx-lib/src/sx128x.o
                0x00000000080034c0                SxDriverBase::SetLnaGainMode(unsigned char)
 .text._ZN12SxDriverBase14GetFirmwareRevEv
                0x00000000080034f6       0x20 ./modules/sx12xx-lib/src/sx128x.o
                0x00000000080034f6                SxDriverBase::GetFirmwareRev()
 .text.__cxa_pure_virtual
                0x0000000008003516        0x6 c:/st/stm32cubeide_1.7.0/stm32cubeide/plugins/com.st.stm32cube.ide.mcu.externaltools.gnu-tools-for-stm32.9-2020-q2-update.win32_2.0.0.202105311346/tools/bin/../lib/gcc/arm-none-eabi/9.3.1/../../../../arm-none-eabi/lib/thumb/v7e-m+fp/hard\libstdc++_nano.a(pure.o)
                0x0000000008003516                __cxa_pure_virtual
 .text._ZN10__cxxabiv111__terminateEPFvvE
                0x000000000800351c        0x8 c:/st/stm32cubeide_1.7.0/stm32cubeide/plugins/com.st.stm32cube.ide.mcu.externaltools.gnu-tools-for-stm32.9-2020-q2-update.win32_2.0.0.202105311346/tools/bin/../lib/gcc/arm-none-eabi/9.3.1/../../../../arm-none-eabi/lib/thumb/v7e-m+fp/hard\libstdc++_nano.a(eh_terminate.o)
                0x000000000800351c                __cxxabiv1::__terminate(void (*)())
 .text._ZSt13get_terminatev
                0x0000000008003524       0x10 c:/st/stm32cubeide_1.7.0/stm32cubeide/plugins/com.st.stm32cube.ide.mcu.externaltools.gnu-tools-for-stm32.9-2020-q2-update.win32_2.0.0.202105311346/tools/bin/../lib/gcc/arm-none-eabi/9.3.1/../../../../arm-none-eabi/lib/thumb/v7e-m+fp/hard\libstdc++_nano.a(eh_terminate.o)
                0x0000000008003524                std::get_terminate()
 .text._ZSt9terminatev
                0x0000000008003534        0xa c:/st/stm32cubeide_1.7.0/stm32cubeide/plugins/com.st.stm32cube.ide.mcu.externaltools.gnu-tools-for-stm32.9-2020-q2-update.win32_2.0.0.202105311346/tools/bin/../lib/gcc/arm-none-eabi/9.3.1/../../../../arm-none-eabi/lib/thumb/v7e-m+fp/hard\libstdc++_nano.a(eh_terminate.o)
                0x0000000008003534                std::terminate()
 .text.abort    0x000000000800353e        0xe c:/st/stm32cubeide_1.7.0/stm32cubeide/plugins/com.st.stm32cube.ide.mcu.externaltools.gnu-tools-for-stm32.9-2020-q2-update.win32_2.0.0.202105311346/tools/bin/../lib/gcc/arm-none-eabi/9.3.1/../../../../arm-none-eabi/lib/thumb/v7e-m+fp/hard\libc_nano.a(lib_a-abort.o)
                0x000000000800353e                abort
 .text.__errno  0x000000000800354c        0xc c:/st/stm32cubeide_1.7.0/stm32cubeide/plugins/com.st.stm32cube.ide.mcu.externaltools.gnu-tools-for-stm32.9-2020-q2-update.win32_2.0.0.202105311346/tools/bin/../lib/gcc/arm-none-eabi/9.3.1/../../../../arm-none-eabi/lib/thumb/v7e-m+fp/hard\libc_nano.a(lib_a-errno.o)
                0x000000000800354c                __errno
 .text.__libc_init_array
                0x0000000008003558       0x48 c:/st/stm32cubeide_1.7.0/stm32cubeide/plugins/com.st.stm32cube.ide.mcu.externaltools.gnu-tools-for-stm32.9-2020-q2-update.win32_2.0.0.202105311346/tools/bin/../lib/gcc/arm-none-eabi/9.3.1/../../../../arm-none-eabi/lib/thumb/v7e-m+fp/hard\libc_nano.a(lib_a-init.o)
                0x0000000008003558                __libc_init_array
 .text.memset   0x00000000080035a0       0x10 c:/st/stm32cubeide_1.7.0/stm32cubeide/plugins/com.st.stm32cube.ide.mcu.externaltools.gnu-tools-for-stm32.9-2020-q2-update.win32_2.0.0.202105311346/tools/bin/../lib/gcc/arm-none-eabi/9.3.1/../../../../arm-none-eabi/lib/thumb/v7e-m+fp/hard\libc_nano.a(lib_a-memset.o)
                0x00000000080035a0                memset
 .text._raise_r
                0x00000000080035b0       0x50 c:/st/stm32cubeide_1.7.0/stm32cubeide/plugins/com.st.stm32cube.ide.mcu.externaltools.gnu-tools-for-stm32.9-2020-q2-update.win32_2.0.0.202105311346/tools/bin/../lib/gcc/arm-none-eabi/9.3.1/../../../../arm-none-eabi/lib/thumb/v7e-m+fp/hard\libc_nano.a(lib_a-signal.o)
                0x00000000080035b0                _raise_r
 .text.raise    0x0000000008003600       0x10 c:/st/stm32cubeide_1.7.0/stm32cubeide/plugins/com.st.stm32cube.ide.mcu.externaltools.gnu-tools-for-stm32.9-2020-q2-update.win32_2.0.0.202105311346/tools/bin/../lib/gcc/arm-none-eabi/9.3.1/../../../../arm-none-eabi/lib/thumb/v7e-m+fp/hard\libc_nano.a(lib_a-signal.o)
                0x0000000008003600                raise
 .text._kill_r  0x0000000008003610       0x24 c:/st/stm32cubeide_1.7.0/stm32cubeide/plugins/com.st.stm32cube.ide.mcu.externaltools.gnu-tools-for-stm32.9-2020-q2-update.win32_2.0.0.202105311346/tools/bin/../lib/gcc/arm-none-eabi/9.3.1/../../../../arm-none-eabi/lib/thumb/v7e-m+fp/hard\libc_nano.a(lib_a-signalr.o)
                0x0000000008003610                _kill_r
 .text._getpid_r
                0x0000000008003634        0x4 c:/st/stm32cubeide_1.7.0/stm32cubeide/plugins/com.st.stm32cube.ide.mcu.externaltools.gnu-tools-for-stm32.9-2020-q2-update.win32_2.0.0.202105311346/tools/bin/../lib/gcc/arm-none-eabi/9.3.1/../../../../arm-none-eabi/lib/thumb/v7e-m+fp/hard\libc_nano.a(lib_a-signalr.o)
                0x0000000008003634                _getpid_r
 *(.glue_7)
 .glue_7        0x0000000008003638        0x0 linker stubs
 *(.glue_7t)
 .glue_7t       0x0000000008003638        0x0 linker stubs
 *(.eh_frame)
 .eh_frame      0x0000000008003638        0x0 c:/st/stm32cubeide_1.7.0/stm32cubeide/plugins/com.st.stm32cube.ide.mcu.externaltools.gnu-tools-for-stm32.9-2020-q2-update.win32_2.0.0.202105311346/tools/bin/../lib/gcc/arm-none-eabi/9.3.1/thumb/v7e-m+fp/hard/crtbegin.o
 *(.init)
 .init          0x0000000008003638        0x4 c:/st/stm32cubeide_1.7.0/stm32cubeide/plugins/com.st.stm32cube.ide.mcu.externaltools.gnu-tools-for-stm32.9-2020-q2-update.win32_2.0.0.202105311346/tools/bin/../lib/gcc/arm-none-eabi/9.3.1/thumb/v7e-m+fp/hard/crti.o
                0x0000000008003638                _init
 .init          0x000000000800363c        0x8 c:/st/stm32cubeide_1.7.0/stm32cubeide/plugins/com.st.stm32cube.ide.mcu.externaltools.gnu-tools-for-stm32.9-2020-q2-update.win32_2.0.0.202105311346/tools/bin/../lib/gcc/arm-none-eabi/9.3.1/thumb/v7e-m+fp/hard/crtn.o
 *(.fini)
 .fini          0x0000000008003644        0x4 c:/st/stm32cubeide_1.7.0/stm32cubeide/plugins/com.st.stm32cube.ide.mcu.externaltools.gnu-tools-for-stm32.9-2020-q2-update.win32_2.0.0.202105311346/tools/bin/../lib/gcc/arm-none-eabi/9.3.1/thumb/v7e-m+fp/hard/crti.o
                0x0000000008003644                _fini
 .fini          0x0000000008003648        0x8 c:/st/stm32cubeide_1.7.0/stm32cubeide/plugins/com.st.stm32cube.ide.mcu.externaltools.gnu-tools-for-stm32.9-2020-q2-update.win32_2.0.0.202105311346/tools/bin/../lib/gcc/arm-none-eabi/9.3.1/thumb/v7e-m+fp/hard/crtn.o
                0x0000000008003650                . = ALIGN (0x4)
                0x0000000008003650                _etext = .

.vfp11_veneer   0x0000000008003650        0x0
 .vfp11_veneer  0x0000000008003650        0x0 linker stubs

.v4_bx          0x0000000008003650        0x0
 .v4_bx         0x0000000008003650        0x0 linker stubs

.iplt           0x0000000008003650        0x0
 .iplt          0x0000000008003650        0x0 c:/st/stm32cubeide_1.7.0/stm32cubeide/plugins/com.st.stm32cube.ide.mcu.externaltools.gnu-tools-for-stm32.9-2020-q2-update.win32_2.0.0.202105311346/tools/bin/../lib/gcc/arm-none-eabi/9.3.1/thumb/v7e-m+fp/hard/crtbegin.o

.rodata         0x0000000008003650      0x1bc
                0x0000000008003650                . = ALIGN (0x4)
 *(.rodata)
 *(.rodata*)
 .rodata._ZL9freq_list
                0x0000000008003650      0x110 ./Common/fhss.o
 .rodata._Z10do_receivev.str1.1
                0x0000000008003760        0x6 ./CommonRx/mlrs-rx.o
 .rodata._Z9main_mainv.str1.1
                0x0000000008003766       0x13 ./CommonRx/mlrs-rx.o
                                         0x15 (size before relaxing)
 *fill*         0x0000000008003779        0x3 
 .rodata._ZTV8SxDriver
                0x000000000800377c       0x1c ./CommonRx/mlrs-rx.o
                0x000000000800377c                vtable for SxDriver
 .rodata._ZTV3Pll
                0x0000000008003798       0x10 ./CommonRx/mlrs-rx.o
                0x0000000008003798                vtable for Pll
 .rodata._ZTV3Out
                0x00000000080037a8       0x10 ./CommonRx/mlrs-rx.o
                0x00000000080037a8                vtable for Out
 .rodata._ZL19SxLoraConfiguration
                0x00000000080037b8        0xc ./CommonRx/mlrs-rx.o
 .rodata._ZTV7PllBase
                0x00000000080037c4       0x10 ./CommonRx/pll.o
                0x00000000080037c4                vtable for PllBase
 .rodata.AHBPrescTable
                0x00000000080037d4       0x10 ./Core/Src/system_stm32f3xx.o
                0x00000000080037d4                AHBPrescTable
 .rodata.APBPrescTable
                0x00000000080037e4        0x8 ./Core/Src/system_stm32f3xx.o
                0x00000000080037e4                APBPrescTable
 .rodata.aPLLMULFactorTable
                0x00000000080037ec       0x10 ./Drivers/STM32F3xx_HAL_Driver/Src/stm32f3xx_hal_rcc.o
                0x00000000080037ec                aPLLMULFactorTable
 .rodata.aPredivFactorTable
                0x00000000080037fc       0x10 ./Drivers/STM32F3xx_HAL_Driver/Src/stm32f3xx_hal_rcc.o
                0x00000000080037fc                aPredivFactorTable
                0x000000000800380c                . = ALIGN (0x4)

.rel.dyn        0x000000000800380c        0x0
 .rel.iplt      0x000000000800380c        0x0 c:/st/stm32cubeide_1.7.0/stm32cubeide/plugins/com.st.stm32cube.ide.mcu.externaltools.gnu-tools-for-stm32.9-2020-q2-update.win32_2.0.0.202105311346/tools/bin/../lib/gcc/arm-none-eabi/9.3.1/thumb/v7e-m+fp/hard/crtbegin.o

.ARM.extab      0x000000000800380c        0x0
                0x000000000800380c                . = ALIGN (0x4)
 *(.ARM.extab* .gnu.linkonce.armextab.*)
                0x000000000800380c                . = ALIGN (0x4)

.ARM            0x000000000800380c        0x0
                0x000000000800380c                . = ALIGN (0x4)
                0x000000000800380c                __exidx_start = .
 *(.ARM.exidx*)
                0x000000000800380c                __exidx_end = .
                0x000000000800380c                . = ALIGN (0x4)

.preinit_array  0x000000000800380c        0x0
                0x000000000800380c                . = ALIGN (0x4)
                0x000000000800380c                PROVIDE (__preinit_array_start = .)
 *(.preinit_array*)
                0x000000000800380c                PROVIDE (__preinit_array_end = .)
                0x000000000800380c                . = ALIGN (0x4)

.init_array     0x000000000800380c        0x8
                0x000000000800380c                . = ALIGN (0x4)
                0x000000000800380c                PROVIDE (__init_array_start = .)
 *(SORT_BY_NAME(.init_array.*))
 *(.init_array*)
 .init_array    0x000000000800380c        0x4 c:/st/stm32cubeide_1.7.0/stm32cubeide/plugins/com.st.stm32cube.ide.mcu.externaltools.gnu-tools-for-stm32.9-2020-q2-update.win32_2.0.0.202105311346/tools/bin/../lib/gcc/arm-none-eabi/9.3.1/thumb/v7e-m+fp/hard/crtbegin.o
 .init_array    0x0000000008003810        0x4 ./CommonRx/mlrs-rx.o
                0x0000000008003814                PROVIDE (__init_array_end = .)
                0x0000000008003814                . = ALIGN (0x4)

.fini_array     0x0000000008003814        0x4
                0x0000000008003814                . = ALIGN (0x4)
                [!provide]                        PROVIDE (__fini_array_start = .)
 *(SORT_BY_NAME(.fini_array.*))
 *(.fini_array*)
 .fini_array    0x0000000008003814        0x4 c:/st/stm32cubeide_1.7.0/stm32cubeide/plugins/com.st.stm32cube.ide.mcu.externaltools.gnu-tools-for-stm32.9-2020-q2-update.win32_2.0.0.202105311346/tools/bin/../lib/gcc/arm-none-eabi/9.3.1/thumb/v7e-m+fp/hard/crtbegin.o
                [!provide]                        PROVIDE (__fini_array_end = .)
                0x0000000008003818                . = ALIGN (0x4)
                0x0000000008003818                _sidata = LOADADDR (.data)

.data           0x0000000020000000       0x74 load address 0x0000000008003818
                0x0000000020000000                . = ALIGN (0x4)
                0x0000000020000000                _sdata = .
 *(.data)
 *(.data*)
 .data.SystemCoreClock
                0x0000000020000000        0x4 ./Core/Src/system_stm32f3xx.o
                0x0000000020000000                SystemCoreClock
 .data.uwTickFreq
                0x0000000020000004        0x1 ./Drivers/STM32F3xx_HAL_Driver/Src/stm32f3xx_hal.o
                0x0000000020000004                uwTickFreq
 *fill*         0x0000000020000005        0x3 
 .data.uwTickPrio
                0x0000000020000008        0x4 ./Drivers/STM32F3xx_HAL_Driver/Src/stm32f3xx_hal.o
                0x0000000020000008                uwTickPrio
 .data._ZN10__cxxabiv119__terminate_handlerE
                0x000000002000000c        0x4 c:/st/stm32cubeide_1.7.0/stm32cubeide/plugins/com.st.stm32cube.ide.mcu.externaltools.gnu-tools-for-stm32.9-2020-q2-update.win32_2.0.0.202105311346/tools/bin/../lib/gcc/arm-none-eabi/9.3.1/../../../../arm-none-eabi/lib/thumb/v7e-m+fp/hard\libstdc++_nano.a(eh_term_handler.o)
                0x000000002000000c                __cxxabiv1::__terminate_handler
 .data._impure_ptr
                0x0000000020000010        0x4 c:/st/stm32cubeide_1.7.0/stm32cubeide/plugins/com.st.stm32cube.ide.mcu.externaltools.gnu-tools-for-stm32.9-2020-q2-update.win32_2.0.0.202105311346/tools/bin/../lib/gcc/arm-none-eabi/9.3.1/../../../../arm-none-eabi/lib/thumb/v7e-m+fp/hard\libc_nano.a(lib_a-impure.o)
                0x0000000020000010                _impure_ptr
 .data.impure_data
                0x0000000020000014       0x60 c:/st/stm32cubeide_1.7.0/stm32cubeide/plugins/com.st.stm32cube.ide.mcu.externaltools.gnu-tools-for-stm32.9-2020-q2-update.win32_2.0.0.202105311346/tools/bin/../lib/gcc/arm-none-eabi/9.3.1/../../../../arm-none-eabi/lib/thumb/v7e-m+fp/hard\libc_nano.a(lib_a-impure.o)
 *(.RamFunc)
 *(.RamFunc*)
                0x0000000020000074                . = ALIGN (0x4)
                0x0000000020000074                _edata = .

.igot.plt       0x0000000020000074        0x0 load address 0x000000000800388c
 .igot.plt      0x0000000020000074        0x0 c:/st/stm32cubeide_1.7.0/stm32cubeide/plugins/com.st.stm32cube.ide.mcu.externaltools.gnu-tools-for-stm32.9-2020-q2-update.win32_2.0.0.202105311346/tools/bin/../lib/gcc/arm-none-eabi/9.3.1/thumb/v7e-m+fp/hard/crtbegin.o
                0x0000000020000074                . = ALIGN (0x4)

.bss            0x0000000020000078     0x184c load address 0x000000000800388c
                0x0000000020000078                _sbss = .
                0x0000000020000078                __bss_start__ = _sbss
 *(.bss)
 .bss           0x0000000020000078       0x1c c:/st/stm32cubeide_1.7.0/stm32cubeide/plugins/com.st.stm32cube.ide.mcu.externaltools.gnu-tools-for-stm32.9-2020-q2-update.win32_2.0.0.202105311346/tools/bin/../lib/gcc/arm-none-eabi/9.3.1/thumb/v7e-m+fp/hard/crtbegin.o
 *(.bss*)
 .bss.clock     0x0000000020000094        0x1 ./CommonRx/mlrs-rx.o
                0x0000000020000094                clock
 *fill*         0x0000000020000095        0x1 
 .bss.clock_oc_period
                0x0000000020000096        0x2 ./CommonRx/mlrs-rx.o
                0x0000000020000096                clock_oc_period
 .bss.connected_tmo_cnt
                0x0000000020000098        0x2 ./CommonRx/mlrs-rx.o
                0x0000000020000098                connected_tmo_cnt
 .bss.doSysTask
                0x000000002000009a        0x1 ./CommonRx/mlrs-rx.o
                0x000000002000009a                doSysTask
 .bss.do_post_receive
                0x000000002000009b        0x1 ./CommonRx/mlrs-rx.o
                0x000000002000009b                do_post_receive
 .bss.fhss      0x000000002000009c       0x20 ./CommonRx/mlrs-rx.o
                0x000000002000009c                fhss
 .bss.irq_status
                0x00000000200000bc        0x2 ./CommonRx/mlrs-rx.o
                0x00000000200000bc                irq_status
 .bss.led_blink
                0x00000000200000be        0x2 ./CommonRx/mlrs-rx.o
                0x00000000200000be                led_blink
 .bss.link_rescue_cnt
                0x00000000200000c0        0x4 ./CommonRx/mlrs-rx.o
                0x00000000200000c0                link_rescue_cnt
 .bss.link_state
                0x00000000200000c4        0x1 ./CommonRx/mlrs-rx.o
                0x00000000200000c4                link_state
 *fill*         0x00000000200000c5        0x1 
 .bss.link_tdelay_10us
                0x00000000200000c6        0x2 ./CommonRx/mlrs-rx.o
                0x00000000200000c6                link_tdelay_10us
 .bss.out       0x00000000200000c8        0x8 ./CommonRx/mlrs-rx.o
                0x00000000200000c8                out
 .bss.pll       0x00000000200000d0       0x34 ./CommonRx/mlrs-rx.o
                0x00000000200000d0                pll
 .bss.rcData    0x0000000020000104       0x24 ./CommonRx/mlrs-rx.o
                0x0000000020000104                rcData
 .bss.rxFrame   0x0000000020000128       0x5a ./CommonRx/mlrs-rx.o
                0x0000000020000128                rxFrame
 *fill*         0x0000000020000182        0x6 
 .bss.rxstats   0x0000000020000188       0x80 ./CommonRx/mlrs-rx.o
                0x0000000020000188                rxstats
 .bss.stats     0x0000000020000208       0x1c ./CommonRx/mlrs-rx.o
                0x0000000020000208                stats
 .bss.sx        0x0000000020000224        0xc ./CommonRx/mlrs-rx.o
                0x0000000020000224                sx
 .bss.tick_1hz  0x0000000020000230        0x2 ./CommonRx/mlrs-rx.o
                0x0000000020000230                tick_1hz
 .bss.txFrame   0x0000000020000232       0x5a ./CommonRx/mlrs-rx.o
                0x0000000020000232                txFrame
 .bss.uart_txbuf
                0x000000002000028c      0x200 ./CommonRx/mlrs-rx.o
                0x000000002000028c                uart_txbuf
 .bss.uart_txreadpos
                0x000000002000048c        0x2 ./CommonRx/mlrs-rx.o
                0x000000002000048c                uart_txreadpos
 .bss.uart_txwritepos
                0x000000002000048e        0x2 ./CommonRx/mlrs-rx.o
                0x000000002000048e                uart_txwritepos
 .bss.uartb_rxbuf
                0x0000000020000490      0x200 ./CommonRx/mlrs-rx.o
                0x0000000020000490                uartb_rxbuf
 .bss.uartb_rxreadpos
                0x0000000020000690        0x2 ./CommonRx/mlrs-rx.o
                0x0000000020000690                uartb_rxreadpos
 .bss.uartb_rxwritepos
                0x0000000020000692        0x2 ./CommonRx/mlrs-rx.o
                0x0000000020000692                uartb_rxwritepos
 .bss.uartb_txbuf
                0x0000000020000694      0x200 ./CommonRx/mlrs-rx.o
                0x0000000020000694                uartb_txbuf
 .bss.uartb_txreadpos
                0x0000000020000894        0x2 ./CommonRx/mlrs-rx.o
                0x0000000020000894                uartb_txreadpos
 .bss.uartb_txwritepos
                0x0000000020000896        0x2 ./CommonRx/mlrs-rx.o
                0x0000000020000896                uartb_txwritepos
 .bss.uartc_txbuf
                0x0000000020000898     0x1000 ./CommonRx/mlrs-rx.o
                0x0000000020000898                uartc_txbuf
 .bss.uartc_txreadpos
                0x0000000020001898        0x2 ./CommonRx/mlrs-rx.o
                0x0000000020001898                uartc_txreadpos
 .bss.uartc_txwritepos
                0x000000002000189a        0x2 ./CommonRx/mlrs-rx.o
                0x000000002000189a                uartc_txwritepos
 *(COMMON)
 COMMON         0x000000002000189c        0x4 ./Drivers/STM32F3xx_HAL_Driver/Src/stm32f3xx_hal.o
                0x000000002000189c                uwTick
 COMMON         0x00000000200018a0       0x20 ./modules/stm32ll-lib/src/stdstm32.o
                0x00000000200018a0                ststm32_str
 COMMON         0x00000000200018c0        0x4 c:/st/stm32cubeide_1.7.0/stm32cubeide/plugins/com.st.stm32cube.ide.mcu.externaltools.gnu-tools-for-stm32.9-2020-q2-update.win32_2.0.0.202105311346/tools/bin/../lib/gcc/arm-none-eabi/9.3.1/../../../../arm-none-eabi/lib/thumb/v7e-m+fp/hard\libc_nano.a(lib_a-reent.o)
                0x00000000200018c0                errno
                0x00000000200018c4                . = ALIGN (0x4)
                0x00000000200018c4                _ebss = .
                0x00000000200018c4                __bss_end__ = _ebss

._user_heap_stack
                0x00000000200018c4      0x404 load address 0x000000000800388c
                0x00000000200018c8                . = ALIGN (0x8)
 *fill*         0x00000000200018c4        0x4 
                [!provide]                        PROVIDE (end = .)
                0x00000000200018c8                PROVIDE (_end = .)
                0x00000000200018c8                . = (. + _Min_Heap_Size)
                0x0000000020001cc8                . = (. + _Min_Stack_Size)
 *fill*         0x00000000200018c8      0x400 
                0x0000000020001cc8                . = ALIGN (0x8)

/DISCARD/
 libc.a(*)
 libm.a(*)
 libgcc.a(*)

.ARM.attributes
                0x0000000000000000       0x30
 *(.ARM.attributes)
 .ARM.attributes
                0x0000000000000000       0x1e c:/st/stm32cubeide_1.7.0/stm32cubeide/plugins/com.st.stm32cube.ide.mcu.externaltools.gnu-tools-for-stm32.9-2020-q2-update.win32_2.0.0.202105311346/tools/bin/../lib/gcc/arm-none-eabi/9.3.1/thumb/v7e-m+fp/hard/crti.o
 .ARM.attributes
                0x000000000000001e       0x34 c:/st/stm32cubeide_1.7.0/stm32cubeide/plugins/com.st.stm32cube.ide.mcu.externaltools.gnu-tools-for-stm32.9-2020-q2-update.win32_2.0.0.202105311346/tools/bin/../lib/gcc/arm-none-eabi/9.3.1/thumb/v7e-m+fp/hard/crtbegin.o
 .ARM.attributes
                0x0000000000000052       0x34 ./Common/fhss.o
 .ARM.attributes
                0x0000000000000086       0x34 ./CommonRx/mlrs-rx.o
 .ARM.attributes
                0x00000000000000ba       0x34 ./CommonRx/out.o
 .ARM.attributes
                0x00000000000000ee       0x34 ./CommonRx/pll.o
 .ARM.attributes
                0x0000000000000122       0x34 ./Core/Src/main.o
 .ARM.attributes
                0x0000000000000156       0x34 ./Core/Src/stm32f3xx_hal_msp.o
 .ARM.attributes
                0x000000000000018a       0x34 ./Core/Src/stm32f3xx_it.o
 .ARM.attributes
                0x00000000000001be       0x34 ./Core/Src/syscalls.o
 .ARM.attributes
                0x00000000000001f2       0x34 ./Core/Src/system_stm32f3xx.o
 .ARM.attributes
                0x0000000000000226       0x21 ./Core/Startup/startup_stm32f373cctx.o
 .ARM.attributes
                0x0000000000000247       0x34 ./Drivers/STM32F3xx_HAL_Driver/Src/stm32f3xx_hal.o
 .ARM.attributes
                0x000000000000027b       0x34 ./Drivers/STM32F3xx_HAL_Driver/Src/stm32f3xx_hal_cortex.o
 .ARM.attributes
                0x00000000000002af       0x34 ./Drivers/STM32F3xx_HAL_Driver/Src/stm32f3xx_hal_rcc.o
 .ARM.attributes
                0x00000000000002e3       0x34 ./Drivers/STM32F3xx_HAL_Driver/Src/stm32f3xx_ll_gpio.o
 .ARM.attributes
                0x0000000000000317       0x34 ./Drivers/STM32F3xx_HAL_Driver/Src/stm32f3xx_ll_rcc.o
 .ARM.attributes
                0x000000000000034b       0x34 ./Drivers/STM32F3xx_HAL_Driver/Src/stm32f3xx_ll_spi.o
 .ARM.attributes
                0x000000000000037f       0x34 ./Drivers/STM32F3xx_HAL_Driver/Src/stm32f3xx_ll_tim.o
 .ARM.attributes
                0x00000000000003b3       0x34 ./Drivers/STM32F3xx_HAL_Driver/Src/stm32f3xx_ll_usart.o
 .ARM.attributes
                0x00000000000003e7       0x34 ./modules/stm32ll-lib/src/stdstm32.o
 .ARM.attributes
                0x000000000000041b       0x34 ./modules/sx12xx-lib/src/sx128x.o
 .ARM.attributes
                0x000000000000044f       0x34 c:/st/stm32cubeide_1.7.0/stm32cubeide/plugins/com.st.stm32cube.ide.mcu.externaltools.gnu-tools-for-stm32.9-2020-q2-update.win32_2.0.0.202105311346/tools/bin/../lib/gcc/arm-none-eabi/9.3.1/../../../../arm-none-eabi/lib/thumb/v7e-m+fp/hard\libstdc++_nano.a(pure.o)
 .ARM.attributes
                0x0000000000000483       0x34 c:/st/stm32cubeide_1.7.0/stm32cubeide/plugins/com.st.stm32cube.ide.mcu.externaltools.gnu-tools-for-stm32.9-2020-q2-update.win32_2.0.0.202105311346/tools/bin/../lib/gcc/arm-none-eabi/9.3.1/../../../../arm-none-eabi/lib/thumb/v7e-m+fp/hard\libstdc++_nano.a(eh_terminate.o)
 .ARM.attributes
                0x00000000000004b7       0x32 c:/st/stm32cubeide_1.7.0/stm32cubeide/plugins/com.st.stm32cube.ide.mcu.externaltools.gnu-tools-for-stm32.9-2020-q2-update.win32_2.0.0.202105311346/tools/bin/../lib/gcc/arm-none-eabi/9.3.1/../../../../arm-none-eabi/lib/thumb/v7e-m+fp/hard\libstdc++_nano.a(eh_term_handler.o)
 .ARM.attributes
                0x00000000000004e9       0x34 c:/st/stm32cubeide_1.7.0/stm32cubeide/plugins/com.st.stm32cube.ide.mcu.externaltools.gnu-tools-for-stm32.9-2020-q2-update.win32_2.0.0.202105311346/tools/bin/../lib/gcc/arm-none-eabi/9.3.1/../../../../arm-none-eabi/lib/thumb/v7e-m+fp/hard\libc_nano.a(lib_a-abort.o)
 .ARM.attributes
                0x000000000000051d       0x34 c:/st/stm32cubeide_1.7.0/stm32cubeide/plugins/com.st.stm32cube.ide.mcu.externaltools.gnu-tools-for-stm32.9-2020-q2-update.win32_2.0.0.202105311346/tools/bin/../lib/gcc/arm-none-eabi/9.3.1/../../../../arm-none-eabi/lib/thumb/v7e-m+fp/hard\libc_nano.a(lib_a-errno.o)
 .ARM.attributes
                0x0000000000000551       0x32 c:/st/stm32cubeide_1.7.0/stm32cubeide/plugins/com.st.stm32cube.ide.mcu.externaltools.gnu-tools-for-stm32.9-2020-q2-update.win32_2.0.0.202105311346/tools/bin/../lib/gcc/arm-none-eabi/9.3.1/../../../../arm-none-eabi/lib/thumb/v7e-m+fp/hard\libc_nano.a(lib_a-impure.o)
 .ARM.attributes
                0x0000000000000583       0x34 c:/st/stm32cubeide_1.7.0/stm32cubeide/plugins/com.st.stm32cube.ide.mcu.externaltools.gnu-tools-for-stm32.9-2020-q2-update.win32_2.0.0.202105311346/tools/bin/../lib/gcc/arm-none-eabi/9.3.1/../../../../arm-none-eabi/lib/thumb/v7e-m+fp/hard\libc_nano.a(lib_a-init.o)
 .ARM.attributes
                0x00000000000005b7       0x34 c:/st/stm32cubeide_1.7.0/stm32cubeide/plugins/com.st.stm32cube.ide.mcu.externaltools.gnu-tools-for-stm32.9-2020-q2-update.win32_2.0.0.202105311346/tools/bin/../lib/gcc/arm-none-eabi/9.3.1/../../../../arm-none-eabi/lib/thumb/v7e-m+fp/hard\libc_nano.a(lib_a-memset.o)
 .ARM.attributes
                0x00000000000005eb       0x34 c:/st/stm32cubeide_1.7.0/stm32cubeide/plugins/com.st.stm32cube.ide.mcu.externaltools.gnu-tools-for-stm32.9-2020-q2-update.win32_2.0.0.202105311346/tools/bin/../lib/gcc/arm-none-eabi/9.3.1/../../../../arm-none-eabi/lib/thumb/v7e-m+fp/hard\libc_nano.a(lib_a-signal.o)
 .ARM.attributes
                0x000000000000061f       0x34 c:/st/stm32cubeide_1.7.0/stm32cubeide/plugins/com.st.stm32cube.ide.mcu.externaltools.gnu-tools-for-stm32.9-2020-q2-update.win32_2.0.0.202105311346/tools/bin/../lib/gcc/arm-none-eabi/9.3.1/../../../../arm-none-eabi/lib/thumb/v7e-m+fp/hard\libc_nano.a(lib_a-signalr.o)
 .ARM.attributes
                0x0000000000000653       0x34 c:/st/stm32cubeide_1.7.0/stm32cubeide/plugins/com.st.stm32cube.ide.mcu.externaltools.gnu-tools-for-stm32.9-2020-q2-update.win32_2.0.0.202105311346/tools/bin/../lib/gcc/arm-none-eabi/9.3.1/../../../../arm-none-eabi/lib/thumb/v7e-m+fp/hard\libc_nano.a(lib_a-reent.o)
 .ARM.attributes
                0x0000000000000687       0x1e c:/st/stm32cubeide_1.7.0/stm32cubeide/plugins/com.st.stm32cube.ide.mcu.externaltools.gnu-tools-for-stm32.9-2020-q2-update.win32_2.0.0.202105311346/tools/bin/../lib/gcc/arm-none-eabi/9.3.1/thumb/v7e-m+fp/hard/crtn.o
OUTPUT(rx-siyi-f373cc.elf elf32-littlearm)
LOAD linker stubs
LOAD c:/st/stm32cubeide_1.7.0/stm32cubeide/plugins/com.st.stm32cube.ide.mcu.externaltools.gnu-tools-for-stm32.9-2020-q2-update.win32_2.0.0.202105311346/tools/bin/../lib/gcc/arm-none-eabi/9.3.1/../../../../arm-none-eabi/lib/thumb/v7e-m+fp/hard\libc.a
LOAD c:/st/stm32cubeide_1.7.0/stm32cubeide/plugins/com.st.stm32cube.ide.mcu.externaltools.gnu-tools-for-stm32.9-2020-q2-update.win32_2.0.0.202105311346/tools/bin/../lib/gcc/arm-none-eabi/9.3.1/../../../../arm-none-eabi/lib/thumb/v7e-m+fp/hard\libm.a
LOAD c:/st/stm32cubeide_1.7.0/stm32cubeide/plugins/com.st.stm32cube.ide.mcu.externaltools.gnu-tools-for-stm32.9-2020-q2-update.win32_2.0.0.202105311346/tools/bin/../lib/gcc/arm-none-eabi/9.3.1/thumb/v7e-m+fp/hard\libgcc.a

.comment        0x0000000000000000       0x53
 .comment       0x0000000000000000       0x53 ./Common/fhss.o
                                         0x54 (size before relaxing)
 .comment       0x0000000000000053       0x54 ./CommonRx/mlrs-rx.o
 .comment       0x0000000000000053       0x54 ./CommonRx/out.o
 .comment       0x0000000000000053       0x54 ./CommonRx/pll.o
 .comment       0x0000000000000053       0x54 ./Core/Src/main.o
 .comment       0x0000000000000053       0x54 ./Core/Src/stm32f3xx_hal_msp.o
 .comment       0x0000000000000053       0x54 ./Core/Src/stm32f3xx_it.o
 .comment       0x0000000000000053       0x54 ./Core/Src/syscalls.o
 .comment       0x0000000000000053       0x54 ./Core/Src/system_stm32f3xx.o
 .comment       0x0000000000000053       0x54 ./Drivers/STM32F3xx_HAL_Driver/Src/stm32f3xx_hal.o
 .comment       0x0000000000000053       0x54 ./Drivers/STM32F3xx_HAL_Driver/Src/stm32f3xx_hal_cortex.o
 .comment       0x0000000000000053       0x54 ./Drivers/STM32F3xx_HAL_Driver/Src/stm32f3xx_hal_rcc.o
 .comment       0x0000000000000053       0x54 ./Drivers/STM32F3xx_HAL_Driver/Src/stm32f3xx_ll_gpio.o
 .comment       0x0000000000000053       0x54 ./Drivers/STM32F3xx_HAL_Driver/Src/stm32f3xx_ll_rcc.o
 .comment       0x0000000000000053       0x54 ./Drivers/STM32F3xx_HAL_Driver/Src/stm32f3xx_ll_spi.o
 .comment       0x0000000000000053       0x54 ./Drivers/STM32F3xx_HAL_Driver/Src/stm32f3xx_ll_tim.o
 .comment       0x0000000000000053       0x54 ./Drivers/STM32F3xx_HAL_Driver/Src/stm32f3xx_ll_usart.o
 .comment       0x0000000000000053       0x54 ./modules/stm32ll-lib/src/stdstm32.o
 .comment       0x0000000000000053       0x54 ./modules/sx12xx-lib/src/sx128x.o

.debug_frame    0x0000000000000000      0x2e8
 .debug_frame   0x0000000000000000       0x40 c:/st/stm32cubeide_1.7.0/stm32cubeide/plugins/com.st.stm32cube.ide.mcu.externaltools.gnu-tools-for-stm32.9-2020-q2-update.win32_2.0.0.202105311346/tools/bin/../lib/gcc/arm-none-eabi/9.3.1/../../../../arm-none-eabi/lib/thumb/v7e-m+fp/hard\libstdc++_nano.a(pure.o)
 .debug_frame   0x0000000000000040       0xb0 c:/st/stm32cubeide_1.7.0/stm32cubeide/plugins/com.st.stm32cube.ide.mcu.externaltools.gnu-tools-for-stm32.9-2020-q2-update.win32_2.0.0.202105311346/tools/bin/../lib/gcc/arm-none-eabi/9.3.1/../../../../arm-none-eabi/lib/thumb/v7e-m+fp/hard\libstdc++_nano.a(eh_terminate.o)
 .debug_frame   0x00000000000000f0       0x28 c:/st/stm32cubeide_1.7.0/stm32cubeide/plugins/com.st.stm32cube.ide.mcu.externaltools.gnu-tools-for-stm32.9-2020-q2-update.win32_2.0.0.202105311346/tools/bin/../lib/gcc/arm-none-eabi/9.3.1/../../../../arm-none-eabi/lib/thumb/v7e-m+fp/hard\libc_nano.a(lib_a-abort.o)
 .debug_frame   0x0000000000000118       0x20 c:/st/stm32cubeide_1.7.0/stm32cubeide/plugins/com.st.stm32cube.ide.mcu.externaltools.gnu-tools-for-stm32.9-2020-q2-update.win32_2.0.0.202105311346/tools/bin/../lib/gcc/arm-none-eabi/9.3.1/../../../../arm-none-eabi/lib/thumb/v7e-m+fp/hard\libc_nano.a(lib_a-errno.o)
 .debug_frame   0x0000000000000138       0x2c c:/st/stm32cubeide_1.7.0/stm32cubeide/plugins/com.st.stm32cube.ide.mcu.externaltools.gnu-tools-for-stm32.9-2020-q2-update.win32_2.0.0.202105311346/tools/bin/../lib/gcc/arm-none-eabi/9.3.1/../../../../arm-none-eabi/lib/thumb/v7e-m+fp/hard\libc_nano.a(lib_a-init.o)
 .debug_frame   0x0000000000000164       0x20 c:/st/stm32cubeide_1.7.0/stm32cubeide/plugins/com.st.stm32cube.ide.mcu.externaltools.gnu-tools-for-stm32.9-2020-q2-update.win32_2.0.0.202105311346/tools/bin/../lib/gcc/arm-none-eabi/9.3.1/../../../../arm-none-eabi/lib/thumb/v7e-m+fp/hard\libc_nano.a(lib_a-memset.o)
 .debug_frame   0x0000000000000184       0xcc c:/st/stm32cubeide_1.7.0/stm32cubeide/plugins/com.st.stm32cube.ide.mcu.externaltools.gnu-tools-for-stm32.9-2020-q2-update.win32_2.0.0.202105311346/tools/bin/../lib/gcc/arm-none-eabi/9.3.1/../../../../arm-none-eabi/lib/thumb/v7e-m+fp/hard\libc_nano.a(lib_a-signal.o)
 .debug_frame   0x0000000000000250       0x3c c:/st/stm32cubeide_1.7.0/stm32cubeide/plugins/com.st.stm32cube.ide.mcu.externaltools.gnu-tools-for-stm32.9-2020-q2-update.win32_2.0.0.202105311346/tools/bin/../lib/gcc/arm-none-eabi/9.3.1/../../../../arm-none-eabi/lib/thumb/v7e-m+fp/hard\libc_nano.a(lib_a-signalr.o)
 .debug_frame   0x000000000000028c       0x5c c:/st/stm32cubeide_1.7.0/stm32cubeide/plugins/com.st.stm32cube.ide.mcu.externaltools.gnu-tools-for-stm32.9-2020-q2-update.win32_2.0.0.202105311346/tools/bin/../lib/gcc/arm-none-eabi/9.3.1/../../../../arm-none-eabi/lib/thumb/v7e-m+fp/hard\libc_nano.a(lib_a-reent.o)
